python : 
C:\Users\PC\AppData\Local\Programs\Python\Python39\lib\site-packages\google\api_core\_python_version_support.py:242: 
FutureWarning: You are using a non-supported Python version (3.9.2). Google will not post any further updates to 
google.api_core supporting this Python version. Please upgrade to the latest Python version, or at least Python 3.10, 
and then update google.api_core.
En línea: 1 Carácter: 1
+ python -c "import asyncio, os; os.environ['APP_MODE'] = 'development' ...
+ ~~~~~~~~~~~~~~~~~~~~~~~~~~~~~~~~~~~~~~~~~~~~~~~~~~~~~~~~~~~~~~~~~~~~~
    + CategoryInfo          : NotSpecified: (C:\Users\PC\App...oogle.api_core.:String) [], RemoteException
    + FullyQualifiedErrorId : NativeCommandError
 
  warnings.warn(message, FutureWarning)
C:\Users\PC\AppData\Local\Programs\Python\Python39\lib\site-packages\google\auth\__init__.py:54: FutureWarning: You 
are using a Python version 3.9 past its end of life. Google will update google-auth with critical bug fixes on a 
best-effort basis, but not with any other fixes or features. Please upgrade your Python version, and then update 
google-auth.
  warnings.warn(eol_message.format("3.9"), FutureWarning)
C:\Users\PC\AppData\Local\Programs\Python\Python39\lib\site-packages\google\oauth2\__init__.py:40: FutureWarning: You 
are using a Python version 3.9 past its end of life. Google will update google-auth with critical bug fixes on a 
best-effort basis, but not with any other fixes or features. Please upgrade your Python version, and then update 
google-auth.
  warnings.warn(eol_message.format("3.9"), FutureWarning)
C:\Users\PC\Downloads\stitch_ambar_studio_ai_design\backend\services\ai_service.py:25: FutureWarning: 

All support for the `google.generativeai` package has ended. It will no longer be receiving 
updates or bug fixes. Please switch to the `google.genai` package as soon as possible.
See README for more details:

https://github.com/google-gemini/deprecated-generative-ai-python/blob/main/README.md

  import google.generativeai as genai
[CONFIG] Entorno: development | Modo: development | Debug: True
{'generated_image': 'https://image.pollinations.ai/prompt/Interior%20design%20render%20of%20a%2025.0m%C2%B2%20room%20%285.0m%20x%205.0m%2C%203.0m%20ceiling%20height%29%20%0A%20%20%20%20%20%20%20%20in%20Minimalista%20style.%20.%20%0A%20%20%20%20%20%20%20%20Photorealistic%2C%20professional%20architectural%20photography%2C%20natural%20lighting%2C%20%0A%20%20%20%20%20%20%20%20high-end%20materials%2C%20magazine%20quality.?width=1024&height=1024&nologo=true', 'materials': [{'category': 'suelos', 'name': 'Microcemento de bajo impacto', 'description': 'Revestimiento continuo mineral de alta durabilidad y estÚtica minimalista, fabricado con cementos y resinas al agua. Reduce la huella de carbono por su larga vida ·til y la minimizaci¾n de residuos por demolici¾n futura, ideal para un acabado liso y uniforme en 25.0m▓.', 'estimated_quantity': 27.5, 'unit': 'm▓', 'estimated_unit_cost': 70.0, 'estimated_total_cost': 1925.0, 'icon': 'square_foot'}, {'category': 'pintura', 'name': 'Pintura al agua ecol¾gica con bajo VOC', 'description': 'Pintura mate interior con certificaci¾n ecol¾gica, formulada con base agua y niveles de VOC (Compuestos Orgßnicos Volßtiles) mÝnimos. Garantiza una calidad del aire interior superior y reduce el impacto ambiental durante su aplicaci¾n y secado en aproximadamente 50m▓ de superficie vertical.', 'estimated_quantity': 6.0, 'unit': 'litros', 'estimated_unit_cost': 15.0, 'estimated_total_cost': 90.0, 'icon': 'format_paint'}, {'category': 'iluminacion', 'name': 'Focos LED empotrados de alta eficiencia', 'description': 'Sistema de iluminaci¾n LED de bajo consumo energÚtico y larga vida ·til (mßs de 50,000 horas), con dise±o minimalista para integraci¾n discreta. Contribuye significativamente a la reducci¾n del consumo elÚctrico y las emisiones de CO2 operacionales.', 'estimated_quantity': 4, 'unit': 'unidades', 'estimated_unit_cost': 45.0, 'estimated_total_cost': 180.0, 'icon': 'lightbulb'}, {'category': 'mobiliario', 'name': 'EstanterÝa modular de madera recuperada', 'description': 'Mobiliario funcional y versßtil fabricado con madera de origen recuperado o certificado FSC. Minimiza la demanda de recursos vÝrgenes y reduce el impacto de la deforestaci¾n. Su dise±o limpio se adapta perfectamente al estilo minimalista del espacio.', 'estimated_quantity': 2, 'unit': 'unidades', 'estimated_unit_cost': 280.0, 'estimated_total_cost': 560.0, 'icon': 'shelves'}, {'category': 'textiles', 'name': 'Cortinas de lino orgßnico natural', 'description': 'Textiles para ventanas confeccionados con lino 100% orgßnico, cultivado sin pesticidas ni fertilizantes quÝmicos, y procesado con bajo consumo de agua. Aportan textura y calidez natural al espacio, mejorando la calidad del aire interior.', 'estimated_quantity': 2, 'unit': 'unidades', 'estimated_unit_cost': 90.0, 'estimated_total_cost': 180.0, 'icon': 'curtains'}, {'category': 'Sostenibilidad', 'name': 'Impacto ambiental del proyecto de 25.0m▓', 'description': 'Este proyecto de 25.0m▓ se estima que logra una reducci¾n anual de 125 kg de CO2eq en emisiones operacionales por el uso de iluminaci¾n LED. Ademßs, se evita la emisi¾n de aproximadamente 1.5 kg de VOCs por el uso de pintura ecol¾gica y se ahorran alrededor de 4,500 litros de agua en la cadena de suministro por los textiles de lino orgßnico. La elecci¾n de microcemento de alta durabilidad y mobiliario recuperado minimiza el consumo de recursos y la generaci¾n de residuos a largo plazo.', 'estimated_quantity': 1, 'unit': 'reporte', 'estimated_unit_cost': 0.0, 'estimated_total_cost': 0.0, 'icon': 'eco'}], 'estimated_total_cost': 2935.0, 'ai_prompt_used': 'Interior design render of a 25.0m▓ room (5.0m x 5.0m, 3.0m ceiling height) \n        in Minimalista style. . \n        Photorealistic, professional architectural photography, natural lighting, \n        high-end materials, magazine quality.'}
